// Jest Snapshot v1, https://goo.gl/fbAQLP

exports[`RabbitMqBrokerInstance Best Practices RabbitMQ Private Single Instance Broker Deployment with custom permissions satisfies CDK NAG AwsSolutionsChecks 1`] = `
{
  "Mappings": {
    "LatestNodeRuntimeMap": {
      "af-south-1": {
        "value": "nodejs20.x",
      },
      "ap-east-1": {
        "value": "nodejs20.x",
      },
      "ap-northeast-1": {
        "value": "nodejs20.x",
      },
      "ap-northeast-2": {
        "value": "nodejs20.x",
      },
      "ap-northeast-3": {
        "value": "nodejs20.x",
      },
      "ap-south-1": {
        "value": "nodejs20.x",
      },
      "ap-south-2": {
        "value": "nodejs20.x",
      },
      "ap-southeast-1": {
        "value": "nodejs20.x",
      },
      "ap-southeast-2": {
        "value": "nodejs20.x",
      },
      "ap-southeast-3": {
        "value": "nodejs20.x",
      },
      "ap-southeast-4": {
        "value": "nodejs20.x",
      },
      "ap-southeast-5": {
        "value": "nodejs20.x",
      },
      "ap-southeast-7": {
        "value": "nodejs20.x",
      },
      "ca-central-1": {
        "value": "nodejs20.x",
      },
      "ca-west-1": {
        "value": "nodejs20.x",
      },
      "cn-north-1": {
        "value": "nodejs18.x",
      },
      "cn-northwest-1": {
        "value": "nodejs18.x",
      },
      "eu-central-1": {
        "value": "nodejs20.x",
      },
      "eu-central-2": {
        "value": "nodejs20.x",
      },
      "eu-isoe-west-1": {
        "value": "nodejs18.x",
      },
      "eu-north-1": {
        "value": "nodejs20.x",
      },
      "eu-south-1": {
        "value": "nodejs20.x",
      },
      "eu-south-2": {
        "value": "nodejs20.x",
      },
      "eu-west-1": {
        "value": "nodejs20.x",
      },
      "eu-west-2": {
        "value": "nodejs20.x",
      },
      "eu-west-3": {
        "value": "nodejs20.x",
      },
      "il-central-1": {
        "value": "nodejs20.x",
      },
      "me-central-1": {
        "value": "nodejs20.x",
      },
      "me-south-1": {
        "value": "nodejs20.x",
      },
      "mx-central-1": {
        "value": "nodejs20.x",
      },
      "sa-east-1": {
        "value": "nodejs20.x",
      },
      "us-east-1": {
        "value": "nodejs20.x",
      },
      "us-east-2": {
        "value": "nodejs20.x",
      },
      "us-gov-east-1": {
        "value": "nodejs18.x",
      },
      "us-gov-west-1": {
        "value": "nodejs18.x",
      },
      "us-iso-east-1": {
        "value": "nodejs18.x",
      },
      "us-iso-west-1": {
        "value": "nodejs18.x",
      },
      "us-isob-east-1": {
        "value": "nodejs18.x",
      },
      "us-west-1": {
        "value": "nodejs20.x",
      },
      "us-west-2": {
        "value": "nodejs20.x",
      },
    },
  },
  "Parameters": {
    "BootstrapVersion": {
      "Default": "/cdk-bootstrap/hnb659fds/version",
      "Description": "Version of the CDK Bootstrap resources in this environment, automatically retrieved from SSM Parameter Store. [cdk:skip]",
      "Type": "AWS::SSM::Parameter::Value<String>",
    },
  },
  "Resources": {
    "BrokerCreds13028F98": {
      "DeletionPolicy": "Delete",
      "Metadata": {
        "cdk_nag": {
          "rules_to_suppress": [
            {
              "id": "AwsSolutions-SMG4",
              "reason": "Not a focus of the test.",
            },
          ],
        },
      },
      "Properties": {
        "GenerateSecretString": {
          "ExcludePunctuation": true,
          "GenerateStringKey": "password",
          "PasswordLength": 24,
          "SecretStringTemplate": "{"username":"admin"}",
        },
      },
      "Type": "AWS::SecretsManager::Secret",
      "UpdateReplacePolicy": "Delete",
    },
    "TestBrokerBD4D5330": {
      "Properties": {
        "AutoMinorVersionUpgrade": false,
        "BrokerName": "TestBroker",
        "DeploymentMode": "SINGLE_INSTANCE",
        "EncryptionOptions": {
          "UseAwsOwnedKey": true,
        },
        "EngineType": "RABBITMQ",
        "EngineVersion": "3.12.13",
        "HostInstanceType": "mq.m5.large",
        "PubliclyAccessible": false,
        "Users": [
          {
            "Password": {
              "Fn::Join": [
                "",
                [
                  "{{resolve:secretsmanager:",
                  {
                    "Ref": "BrokerCreds13028F98",
                  },
                  ":SecretString:password::}}",
                ],
              ],
            },
            "Username": {
              "Fn::Join": [
                "",
                [
                  "{{resolve:secretsmanager:",
                  {
                    "Ref": "BrokerCreds13028F98",
                  },
                  ":SecretString:username::}}",
                ],
              ],
            },
          },
        ],
      },
      "Type": "AWS::AmazonMQ::Broker",
    },
    "fn5FF616E3": {
      "DependsOn": [
        "fnRole4CCF776E",
      ],
      "Properties": {
        "Code": {
          "ZipFile": "exports.handler = async (event) => { console.log(JSON.stringify(event, null, 2)); };",
        },
        "Handler": "index.handler",
        "Role": {
          "Fn::GetAtt": [
            "fnRole4CCF776E",
            "Arn",
          ],
        },
        "Runtime": "nodejs20.x",
      },
      "Type": "AWS::Lambda::Function",
    },
    "fnRabbitMqEventSourceTestBrokerF12A0BDD": {
      "Properties": {
        "EventSourceArn": {
          "Fn::GetAtt": [
            "TestBrokerBD4D5330",
            "Arn",
          ],
        },
        "FunctionName": {
          "Ref": "fn5FF616E3",
        },
        "Queues": [
          "myQueue",
        ],
        "SourceAccessConfigurations": [
          {
            "Type": "BASIC_AUTH",
            "URI": {
              "Ref": "BrokerCreds13028F98",
            },
          },
        ],
      },
      "Type": "AWS::Lambda::EventSourceMapping",
    },
    "fnRabbitMqEventSourceTestBrokerMqEsmDeleterCRfnRabbitMqEventSourceTestBrokerA97659E698D4C1F6": {
      "DeletionPolicy": "Delete",
      "DependsOn": [
        "fnRole4CCF776E",
      ],
      "Properties": {
        "AccountId": {
          "Ref": "AWS::AccountId",
        },
        "EsmId": {
          "Ref": "fnRabbitMqEventSourceTestBrokerF12A0BDD",
        },
        "MqType": "armq",
        "ServiceToken": {
          "Fn::GetAtt": [
            "fnRabbitMqEventSourceTestBrokerMqEsmDeleterfnRabbitMqEventSourceTestBrokerA97659E6frameworkonEventE3375FBB",
            "Arn",
          ],
        },
      },
      "Type": "AWS::CloudFormation::CustomResource",
      "UpdateReplacePolicy": "Delete",
    },
    "fnRabbitMqEventSourceTestBrokerMqEsmDeleterfnRabbitMqEventSourceTestBrokerA97659E6frameworkisCompleteF13BAB74": {
      "DependsOn": [
        "fnRabbitMqEventSourceTestBrokerMqEsmDeleterfnRabbitMqEventSourceTestBrokerA97659E6frameworkisCompleteServiceRoleDefaultPolicyFDB43E4D",
        "fnRabbitMqEventSourceTestBrokerMqEsmDeleterfnRabbitMqEventSourceTestBrokerA97659E6frameworkisCompleteServiceRoleB6BBA28C",
      ],
      "Metadata": {
        "cdk_nag": {
          "rules_to_suppress": [
            {
              "id": "CdkNagValidationFailure",
              "reason": "We use primite functions for ids",
            },
          ],
        },
      },
      "Properties": {
        "Code": {
          "S3Bucket": {
            "Fn::Sub": "cdk-hnb659fds-assets-\${AWS::AccountId}-\${AWS::Region}",
          },
          "S3Key": "4dc48ffba382f93077a1e6824599bbd4ceb6f91eb3d9442eca3b85bdb1a20b1e.zip",
        },
        "Description": "AWS CDK resource provider framework - isComplete (Default/fn/RabbitMqEventSource:TestBroker/MqEsmDeleter:fnRabbitMqEventSourceTestBrokerA97659E6)",
        "Environment": {
          "Variables": {
            "USER_IS_COMPLETE_FUNCTION_ARN": {
              "Fn::GetAtt": [
                "fnRabbitMqEventSourceTestBrokeriscompleteE5784A7D",
                "Arn",
              ],
            },
            "USER_ON_EVENT_FUNCTION_ARN": {
              "Fn::GetAtt": [
                "fnRabbitMqEventSourceTestBrokeroneventCA58B3E6",
                "Arn",
              ],
            },
          },
        },
        "Handler": "framework.isComplete",
        "Role": {
          "Fn::GetAtt": [
            "fnRabbitMqEventSourceTestBrokerMqEsmDeleterfnRabbitMqEventSourceTestBrokerA97659E6frameworkisCompleteServiceRoleB6BBA28C",
            "Arn",
          ],
        },
        "Runtime": {
          "Fn::FindInMap": [
            "LatestNodeRuntimeMap",
            {
              "Ref": "AWS::Region",
            },
            "value",
          ],
        },
        "Timeout": 900,
      },
      "Type": "AWS::Lambda::Function",
    },
    "fnRabbitMqEventSourceTestBrokerMqEsmDeleterfnRabbitMqEventSourceTestBrokerA97659E6frameworkisCompleteServiceRoleB6BBA28C": {
      "Properties": {
        "AssumeRolePolicyDocument": {
          "Statement": [
            {
              "Action": "sts:AssumeRole",
              "Effect": "Allow",
              "Principal": {
                "Service": "lambda.amazonaws.com",
              },
            },
          ],
          "Version": "2012-10-17",
        },
        "ManagedPolicyArns": [
          {
            "Fn::Join": [
              "",
              [
                "arn:",
                {
                  "Ref": "AWS::Partition",
                },
                ":iam::aws:policy/service-role/AWSLambdaBasicExecutionRole",
              ],
            ],
          },
        ],
      },
      "Type": "AWS::IAM::Role",
    },
    "fnRabbitMqEventSourceTestBrokerMqEsmDeleterfnRabbitMqEventSourceTestBrokerA97659E6frameworkisCompleteServiceRoleDefaultPolicyFDB43E4D": {
      "Properties": {
        "PolicyDocument": {
          "Statement": [
            {
              "Action": "lambda:InvokeFunction",
              "Effect": "Allow",
              "Resource": [
                {
                  "Fn::GetAtt": [
                    "fnRabbitMqEventSourceTestBrokeroneventCA58B3E6",
                    "Arn",
                  ],
                },
                {
                  "Fn::Join": [
                    "",
                    [
                      {
                        "Fn::GetAtt": [
                          "fnRabbitMqEventSourceTestBrokeroneventCA58B3E6",
                          "Arn",
                        ],
                      },
                      ":*",
                    ],
                  ],
                },
              ],
            },
            {
              "Action": "lambda:InvokeFunction",
              "Effect": "Allow",
              "Resource": [
                {
                  "Fn::GetAtt": [
                    "fnRabbitMqEventSourceTestBrokeriscompleteE5784A7D",
                    "Arn",
                  ],
                },
                {
                  "Fn::Join": [
                    "",
                    [
                      {
                        "Fn::GetAtt": [
                          "fnRabbitMqEventSourceTestBrokeriscompleteE5784A7D",
                          "Arn",
                        ],
                      },
                      ":*",
                    ],
                  ],
                },
              ],
            },
          ],
          "Version": "2012-10-17",
        },
        "PolicyName": "bitMqEventSourceTestBrokerMqEsmDeleterfnRabbitMqEventSourceTestBrokerA97659E6frameworkisCompleteServiceRoleDefaultPolicyFDB43E4D",
        "Roles": [
          {
            "Ref": "fnRabbitMqEventSourceTestBrokerMqEsmDeleterfnRabbitMqEventSourceTestBrokerA97659E6frameworkisCompleteServiceRoleB6BBA28C",
          },
        ],
      },
      "Type": "AWS::IAM::Policy",
    },
    "fnRabbitMqEventSourceTestBrokerMqEsmDeleterfnRabbitMqEventSourceTestBrokerA97659E6frameworkonEventE3375FBB": {
      "DependsOn": [
        "fnRabbitMqEventSourceTestBrokerMqEsmDeleterfnRabbitMqEventSourceTestBrokerA97659E6frameworkonEventServiceRoleDefaultPolicy2DEA3EA2",
        "fnRabbitMqEventSourceTestBrokerMqEsmDeleterfnRabbitMqEventSourceTestBrokerA97659E6frameworkonEventServiceRole68E3F0F7",
      ],
      "Metadata": {
        "cdk_nag": {
          "rules_to_suppress": [
            {
              "id": "CdkNagValidationFailure",
              "reason": "We use primite functions for ids",
            },
          ],
        },
      },
      "Properties": {
        "Code": {
          "S3Bucket": {
            "Fn::Sub": "cdk-hnb659fds-assets-\${AWS::AccountId}-\${AWS::Region}",
          },
          "S3Key": "4dc48ffba382f93077a1e6824599bbd4ceb6f91eb3d9442eca3b85bdb1a20b1e.zip",
        },
        "Description": "AWS CDK resource provider framework - onEvent (Default/fn/RabbitMqEventSource:TestBroker/MqEsmDeleter:fnRabbitMqEventSourceTestBrokerA97659E6)",
        "Environment": {
          "Variables": {
            "USER_IS_COMPLETE_FUNCTION_ARN": {
              "Fn::GetAtt": [
                "fnRabbitMqEventSourceTestBrokeriscompleteE5784A7D",
                "Arn",
              ],
            },
            "USER_ON_EVENT_FUNCTION_ARN": {
              "Fn::GetAtt": [
                "fnRabbitMqEventSourceTestBrokeroneventCA58B3E6",
                "Arn",
              ],
            },
            "WAITER_STATE_MACHINE_ARN": {
              "Ref": "fnRabbitMqEventSourceTestBrokerMqEsmDeleterfnRabbitMqEventSourceTestBrokerA97659E6waiterstatemachineEC486225",
            },
          },
        },
        "Handler": "framework.onEvent",
        "Role": {
          "Fn::GetAtt": [
            "fnRabbitMqEventSourceTestBrokerMqEsmDeleterfnRabbitMqEventSourceTestBrokerA97659E6frameworkonEventServiceRole68E3F0F7",
            "Arn",
          ],
        },
        "Runtime": {
          "Fn::FindInMap": [
            "LatestNodeRuntimeMap",
            {
              "Ref": "AWS::Region",
            },
            "value",
          ],
        },
        "Timeout": 900,
      },
      "Type": "AWS::Lambda::Function",
    },
    "fnRabbitMqEventSourceTestBrokerMqEsmDeleterfnRabbitMqEventSourceTestBrokerA97659E6frameworkonEventServiceRole68E3F0F7": {
      "Properties": {
        "AssumeRolePolicyDocument": {
          "Statement": [
            {
              "Action": "sts:AssumeRole",
              "Effect": "Allow",
              "Principal": {
                "Service": "lambda.amazonaws.com",
              },
            },
          ],
          "Version": "2012-10-17",
        },
        "ManagedPolicyArns": [
          {
            "Fn::Join": [
              "",
              [
                "arn:",
                {
                  "Ref": "AWS::Partition",
                },
                ":iam::aws:policy/service-role/AWSLambdaBasicExecutionRole",
              ],
            ],
          },
        ],
      },
      "Type": "AWS::IAM::Role",
    },
    "fnRabbitMqEventSourceTestBrokerMqEsmDeleterfnRabbitMqEventSourceTestBrokerA97659E6frameworkonEventServiceRoleDefaultPolicy2DEA3EA2": {
      "Properties": {
        "PolicyDocument": {
          "Statement": [
            {
              "Action": "lambda:InvokeFunction",
              "Effect": "Allow",
              "Resource": [
                {
                  "Fn::GetAtt": [
                    "fnRabbitMqEventSourceTestBrokeroneventCA58B3E6",
                    "Arn",
                  ],
                },
                {
                  "Fn::Join": [
                    "",
                    [
                      {
                        "Fn::GetAtt": [
                          "fnRabbitMqEventSourceTestBrokeroneventCA58B3E6",
                          "Arn",
                        ],
                      },
                      ":*",
                    ],
                  ],
                },
              ],
            },
            {
              "Action": "lambda:InvokeFunction",
              "Effect": "Allow",
              "Resource": [
                {
                  "Fn::GetAtt": [
                    "fnRabbitMqEventSourceTestBrokeriscompleteE5784A7D",
                    "Arn",
                  ],
                },
                {
                  "Fn::Join": [
                    "",
                    [
                      {
                        "Fn::GetAtt": [
                          "fnRabbitMqEventSourceTestBrokeriscompleteE5784A7D",
                          "Arn",
                        ],
                      },
                      ":*",
                    ],
                  ],
                },
              ],
            },
            {
              "Action": "states:StartExecution",
              "Effect": "Allow",
              "Resource": {
                "Ref": "fnRabbitMqEventSourceTestBrokerMqEsmDeleterfnRabbitMqEventSourceTestBrokerA97659E6waiterstatemachineEC486225",
              },
            },
          ],
          "Version": "2012-10-17",
        },
        "PolicyName": "RabbitMqEventSourceTestBrokerMqEsmDeleterfnRabbitMqEventSourceTestBrokerA97659E6frameworkonEventServiceRoleDefaultPolicy2DEA3EA2",
        "Roles": [
          {
            "Ref": "fnRabbitMqEventSourceTestBrokerMqEsmDeleterfnRabbitMqEventSourceTestBrokerA97659E6frameworkonEventServiceRole68E3F0F7",
          },
        ],
      },
      "Type": "AWS::IAM::Policy",
    },
    "fnRabbitMqEventSourceTestBrokerMqEsmDeleterfnRabbitMqEventSourceTestBrokerA97659E6frameworkonTimeout005373A3": {
      "DependsOn": [
        "fnRabbitMqEventSourceTestBrokerMqEsmDeleterfnRabbitMqEventSourceTestBrokerA97659E6frameworkonTimeoutServiceRoleDefaultPolicyB8956DAA",
        "fnRabbitMqEventSourceTestBrokerMqEsmDeleterfnRabbitMqEventSourceTestBrokerA97659E6frameworkonTimeoutServiceRole23B753D7",
      ],
      "Metadata": {
        "cdk_nag": {
          "rules_to_suppress": [
            {
              "id": "CdkNagValidationFailure",
              "reason": "We use primite functions for ids",
            },
          ],
        },
      },
      "Properties": {
        "Code": {
          "S3Bucket": {
            "Fn::Sub": "cdk-hnb659fds-assets-\${AWS::AccountId}-\${AWS::Region}",
          },
          "S3Key": "4dc48ffba382f93077a1e6824599bbd4ceb6f91eb3d9442eca3b85bdb1a20b1e.zip",
        },
        "Description": "AWS CDK resource provider framework - onTimeout (Default/fn/RabbitMqEventSource:TestBroker/MqEsmDeleter:fnRabbitMqEventSourceTestBrokerA97659E6)",
        "Environment": {
          "Variables": {
            "USER_IS_COMPLETE_FUNCTION_ARN": {
              "Fn::GetAtt": [
                "fnRabbitMqEventSourceTestBrokeriscompleteE5784A7D",
                "Arn",
              ],
            },
            "USER_ON_EVENT_FUNCTION_ARN": {
              "Fn::GetAtt": [
                "fnRabbitMqEventSourceTestBrokeroneventCA58B3E6",
                "Arn",
              ],
            },
          },
        },
        "Handler": "framework.onTimeout",
        "Role": {
          "Fn::GetAtt": [
            "fnRabbitMqEventSourceTestBrokerMqEsmDeleterfnRabbitMqEventSourceTestBrokerA97659E6frameworkonTimeoutServiceRole23B753D7",
            "Arn",
          ],
        },
        "Runtime": {
          "Fn::FindInMap": [
            "LatestNodeRuntimeMap",
            {
              "Ref": "AWS::Region",
            },
            "value",
          ],
        },
        "Timeout": 900,
      },
      "Type": "AWS::Lambda::Function",
    },
    "fnRabbitMqEventSourceTestBrokerMqEsmDeleterfnRabbitMqEventSourceTestBrokerA97659E6frameworkonTimeoutServiceRole23B753D7": {
      "Properties": {
        "AssumeRolePolicyDocument": {
          "Statement": [
            {
              "Action": "sts:AssumeRole",
              "Effect": "Allow",
              "Principal": {
                "Service": "lambda.amazonaws.com",
              },
            },
          ],
          "Version": "2012-10-17",
        },
        "ManagedPolicyArns": [
          {
            "Fn::Join": [
              "",
              [
                "arn:",
                {
                  "Ref": "AWS::Partition",
                },
                ":iam::aws:policy/service-role/AWSLambdaBasicExecutionRole",
              ],
            ],
          },
        ],
      },
      "Type": "AWS::IAM::Role",
    },
    "fnRabbitMqEventSourceTestBrokerMqEsmDeleterfnRabbitMqEventSourceTestBrokerA97659E6frameworkonTimeoutServiceRoleDefaultPolicyB8956DAA": {
      "Properties": {
        "PolicyDocument": {
          "Statement": [
            {
              "Action": "lambda:InvokeFunction",
              "Effect": "Allow",
              "Resource": [
                {
                  "Fn::GetAtt": [
                    "fnRabbitMqEventSourceTestBrokeroneventCA58B3E6",
                    "Arn",
                  ],
                },
                {
                  "Fn::Join": [
                    "",
                    [
                      {
                        "Fn::GetAtt": [
                          "fnRabbitMqEventSourceTestBrokeroneventCA58B3E6",
                          "Arn",
                        ],
                      },
                      ":*",
                    ],
                  ],
                },
              ],
            },
            {
              "Action": "lambda:InvokeFunction",
              "Effect": "Allow",
              "Resource": [
                {
                  "Fn::GetAtt": [
                    "fnRabbitMqEventSourceTestBrokeriscompleteE5784A7D",
                    "Arn",
                  ],
                },
                {
                  "Fn::Join": [
                    "",
                    [
                      {
                        "Fn::GetAtt": [
                          "fnRabbitMqEventSourceTestBrokeriscompleteE5784A7D",
                          "Arn",
                        ],
                      },
                      ":*",
                    ],
                  ],
                },
              ],
            },
          ],
          "Version": "2012-10-17",
        },
        "PolicyName": "bbitMqEventSourceTestBrokerMqEsmDeleterfnRabbitMqEventSourceTestBrokerA97659E6frameworkonTimeoutServiceRoleDefaultPolicyB8956DAA",
        "Roles": [
          {
            "Ref": "fnRabbitMqEventSourceTestBrokerMqEsmDeleterfnRabbitMqEventSourceTestBrokerA97659E6frameworkonTimeoutServiceRole23B753D7",
          },
        ],
      },
      "Type": "AWS::IAM::Policy",
    },
    "fnRabbitMqEventSourceTestBrokerMqEsmDeleterfnRabbitMqEventSourceTestBrokerA97659E6waiterstatemachineEC486225": {
      "DependsOn": [
        "fnRabbitMqEventSourceTestBrokerMqEsmDeleterfnRabbitMqEventSourceTestBrokerA97659E6waiterstatemachineRoleDefaultPolicy397FE094",
        "fnRabbitMqEventSourceTestBrokerMqEsmDeleterfnRabbitMqEventSourceTestBrokerA97659E6waiterstatemachineRoleA565757E",
      ],
      "Properties": {
        "DefinitionString": {
          "Fn::Join": [
            "",
            [
              "{"StartAt":"framework-isComplete-task","States":{"framework-isComplete-task":{"End":true,"Retry":[{"ErrorEquals":["States.ALL"],"IntervalSeconds":60,"MaxAttempts":30,"BackoffRate":1}],"Catch":[{"ErrorEquals":["States.ALL"],"Next":"framework-onTimeout-task"}],"Type":"Task","Resource":"",
              {
                "Fn::GetAtt": [
                  "fnRabbitMqEventSourceTestBrokerMqEsmDeleterfnRabbitMqEventSourceTestBrokerA97659E6frameworkisCompleteF13BAB74",
                  "Arn",
                ],
              },
              ""},"framework-onTimeout-task":{"End":true,"Type":"Task","Resource":"",
              {
                "Fn::GetAtt": [
                  "fnRabbitMqEventSourceTestBrokerMqEsmDeleterfnRabbitMqEventSourceTestBrokerA97659E6frameworkonTimeout005373A3",
                  "Arn",
                ],
              },
              ""}}}",
            ],
          ],
        },
        "LoggingConfiguration": {
          "Destinations": [
            {
              "CloudWatchLogsLogGroup": {
                "LogGroupArn": {
                  "Fn::GetAtt": [
                    "fnRabbitMqEventSourceTestBrokerMqEsmDeleterfnRabbitMqEventSourceTestBrokerA97659E6waiterstatemachineLogGroup7ACE11CE",
                    "Arn",
                  ],
                },
              },
            },
          ],
          "IncludeExecutionData": false,
          "Level": "ERROR",
        },
        "RoleArn": {
          "Fn::GetAtt": [
            "fnRabbitMqEventSourceTestBrokerMqEsmDeleterfnRabbitMqEventSourceTestBrokerA97659E6waiterstatemachineRoleA565757E",
            "Arn",
          ],
        },
      },
      "Type": "AWS::StepFunctions::StateMachine",
    },
    "fnRabbitMqEventSourceTestBrokerMqEsmDeleterfnRabbitMqEventSourceTestBrokerA97659E6waiterstatemachineLogGroup7ACE11CE": {
      "DeletionPolicy": "Retain",
      "Properties": {
        "LogGroupName": {
          "Fn::Join": [
            "",
            [
              "/aws/vendedlogs/states/waiter-state-machine-",
              {
                "Ref": "fnRabbitMqEventSourceTestBrokerMqEsmDeleterfnRabbitMqEventSourceTestBrokerA97659E6frameworkisCompleteF13BAB74",
              },
              "-c8e31ae78af66c0050c6ced874896a2adf87431eb0",
            ],
          ],
        },
        "RetentionInDays": 731,
      },
      "Type": "AWS::Logs::LogGroup",
      "UpdateReplacePolicy": "Retain",
    },
    "fnRabbitMqEventSourceTestBrokerMqEsmDeleterfnRabbitMqEventSourceTestBrokerA97659E6waiterstatemachineRoleA565757E": {
      "Properties": {
        "AssumeRolePolicyDocument": {
          "Statement": [
            {
              "Action": "sts:AssumeRole",
              "Effect": "Allow",
              "Principal": {
                "Service": "states.amazonaws.com",
              },
            },
          ],
          "Version": "2012-10-17",
        },
      },
      "Type": "AWS::IAM::Role",
    },
    "fnRabbitMqEventSourceTestBrokerMqEsmDeleterfnRabbitMqEventSourceTestBrokerA97659E6waiterstatemachineRoleDefaultPolicy397FE094": {
      "Properties": {
        "PolicyDocument": {
          "Statement": [
            {
              "Action": "lambda:InvokeFunction",
              "Effect": "Allow",
              "Resource": [
                {
                  "Fn::GetAtt": [
                    "fnRabbitMqEventSourceTestBrokerMqEsmDeleterfnRabbitMqEventSourceTestBrokerA97659E6frameworkisCompleteF13BAB74",
                    "Arn",
                  ],
                },
                {
                  "Fn::Join": [
                    "",
                    [
                      {
                        "Fn::GetAtt": [
                          "fnRabbitMqEventSourceTestBrokerMqEsmDeleterfnRabbitMqEventSourceTestBrokerA97659E6frameworkisCompleteF13BAB74",
                          "Arn",
                        ],
                      },
                      ":*",
                    ],
                  ],
                },
              ],
            },
            {
              "Action": "lambda:InvokeFunction",
              "Effect": "Allow",
              "Resource": [
                {
                  "Fn::GetAtt": [
                    "fnRabbitMqEventSourceTestBrokerMqEsmDeleterfnRabbitMqEventSourceTestBrokerA97659E6frameworkonTimeout005373A3",
                    "Arn",
                  ],
                },
                {
                  "Fn::Join": [
                    "",
                    [
                      {
                        "Fn::GetAtt": [
                          "fnRabbitMqEventSourceTestBrokerMqEsmDeleterfnRabbitMqEventSourceTestBrokerA97659E6frameworkonTimeout005373A3",
                          "Arn",
                        ],
                      },
                      ":*",
                    ],
                  ],
                },
              ],
            },
            {
              "Action": [
                "logs:CreateLogDelivery",
                "logs:CreateLogStream",
                "logs:GetLogDelivery",
                "logs:UpdateLogDelivery",
                "logs:DeleteLogDelivery",
                "logs:ListLogDeliveries",
                "logs:PutLogEvents",
                "logs:PutResourcePolicy",
                "logs:DescribeResourcePolicies",
                "logs:DescribeLogGroups",
              ],
              "Effect": "Allow",
              "Resource": "*",
            },
          ],
          "Version": "2012-10-17",
        },
        "PolicyName": "fnRabbitMqEventSourceTestBrokerMqEsmDeleterfnRabbitMqEventSourceTestBrokerA97659E6waiterstatemachineRoleDefaultPolicy397FE094",
        "Roles": [
          {
            "Ref": "fnRabbitMqEventSourceTestBrokerMqEsmDeleterfnRabbitMqEventSourceTestBrokerA97659E6waiterstatemachineRoleA565757E",
          },
        ],
      },
      "Type": "AWS::IAM::Policy",
    },
    "fnRabbitMqEventSourceTestBrokeriscompleteE5784A7D": {
      "DependsOn": [
        "fnRabbitMqEventSourceTestBrokeriscompleteServiceRoleDefaultPolicyBCD3382B",
        "fnRabbitMqEventSourceTestBrokeriscompleteServiceRole99350CE5",
      ],
      "Properties": {
        "Code": {
          "S3Bucket": {
            "Fn::Sub": "cdk-hnb659fds-assets-\${AWS::AccountId}-\${AWS::Region}",
          },
          "S3Key": "cc3114789a2169a27590b14542ccfec97a0f543028a311e72dc31eabe0735d54.zip",
        },
        "Description": "src/mq-esm/esm-deleter.is-complete.lambda.ts",
        "Environment": {
          "Variables": {
            "AWS_NODEJS_CONNECTION_REUSE_ENABLED": "1",
          },
        },
        "Handler": "index.handler",
        "Role": {
          "Fn::GetAtt": [
            "fnRabbitMqEventSourceTestBrokeriscompleteServiceRole99350CE5",
            "Arn",
          ],
        },
        "Runtime": "nodejs18.x",
      },
      "Type": "AWS::Lambda::Function",
    },
    "fnRabbitMqEventSourceTestBrokeriscompleteServiceRole99350CE5": {
      "Properties": {
        "AssumeRolePolicyDocument": {
          "Statement": [
            {
              "Action": "sts:AssumeRole",
              "Effect": "Allow",
              "Principal": {
                "Service": "lambda.amazonaws.com",
              },
            },
          ],
          "Version": "2012-10-17",
        },
        "ManagedPolicyArns": [
          {
            "Fn::Join": [
              "",
              [
                "arn:",
                {
                  "Ref": "AWS::Partition",
                },
                ":iam::aws:policy/service-role/AWSLambdaBasicExecutionRole",
              ],
            ],
          },
        ],
      },
      "Type": "AWS::IAM::Role",
    },
    "fnRabbitMqEventSourceTestBrokeriscompleteServiceRoleDefaultPolicyBCD3382B": {
      "Properties": {
        "PolicyDocument": {
          "Statement": [
            {
              "Action": "ec2:DescribeNetworkInterfaces",
              "Effect": "Allow",
              "Resource": "*",
            },
          ],
          "Version": "2012-10-17",
        },
        "PolicyName": "fnRabbitMqEventSourceTestBrokeriscompleteServiceRoleDefaultPolicyBCD3382B",
        "Roles": [
          {
            "Ref": "fnRabbitMqEventSourceTestBrokeriscompleteServiceRole99350CE5",
          },
        ],
      },
      "Type": "AWS::IAM::Policy",
    },
    "fnRabbitMqEventSourceTestBrokeroneventCA58B3E6": {
      "DependsOn": [
        "fnRabbitMqEventSourceTestBrokeroneventServiceRoleDefaultPolicyFA8A1C48",
        "fnRabbitMqEventSourceTestBrokeroneventServiceRole0A1AC08A",
      ],
      "Properties": {
        "Code": {
          "S3Bucket": {
            "Fn::Sub": "cdk-hnb659fds-assets-\${AWS::AccountId}-\${AWS::Region}",
          },
          "S3Key": "f09b6cc320f07d9fd3dc1507063b6b5eab4f55c0e12e319a47e058fa3b3e1f15.zip",
        },
        "Description": "src/mq-esm/esm-deleter.on-event.lambda.ts",
        "Environment": {
          "Variables": {
            "AWS_NODEJS_CONNECTION_REUSE_ENABLED": "1",
          },
        },
        "Handler": "index.handler",
        "Role": {
          "Fn::GetAtt": [
            "fnRabbitMqEventSourceTestBrokeroneventServiceRole0A1AC08A",
            "Arn",
          ],
        },
        "Runtime": "nodejs18.x",
      },
      "Type": "AWS::Lambda::Function",
    },
    "fnRabbitMqEventSourceTestBrokeroneventServiceRole0A1AC08A": {
      "Properties": {
        "AssumeRolePolicyDocument": {
          "Statement": [
            {
              "Action": "sts:AssumeRole",
              "Effect": "Allow",
              "Principal": {
                "Service": "lambda.amazonaws.com",
              },
            },
          ],
          "Version": "2012-10-17",
        },
        "ManagedPolicyArns": [
          {
            "Fn::Join": [
              "",
              [
                "arn:",
                {
                  "Ref": "AWS::Partition",
                },
                ":iam::aws:policy/service-role/AWSLambdaBasicExecutionRole",
              ],
            ],
          },
        ],
      },
      "Type": "AWS::IAM::Role",
    },
    "fnRabbitMqEventSourceTestBrokeroneventServiceRoleDefaultPolicyFA8A1C48": {
      "Properties": {
        "PolicyDocument": {
          "Statement": [
            {
              "Action": "lambda:DeleteEventSourceMapping",
              "Effect": "Allow",
              "Resource": {
                "Fn::Join": [
                  "",
                  [
                    "arn:",
                    {
                      "Ref": "AWS::Partition",
                    },
                    ":lambda:",
                    {
                      "Ref": "AWS::Region",
                    },
                    ":",
                    {
                      "Ref": "AWS::AccountId",
                    },
                    ":event-source-mapping:",
                    {
                      "Ref": "fnRabbitMqEventSourceTestBrokerF12A0BDD",
                    },
                  ],
                ],
              },
            },
          ],
          "Version": "2012-10-17",
        },
        "PolicyName": "fnRabbitMqEventSourceTestBrokeroneventServiceRoleDefaultPolicyFA8A1C48",
        "Roles": [
          {
            "Ref": "fnRabbitMqEventSourceTestBrokeroneventServiceRole0A1AC08A",
          },
        ],
      },
      "Type": "AWS::IAM::Policy",
    },
    "fnRole4CCF776E": {
      "Metadata": {
        "cdk_nag": {
          "rules_to_suppress": [
            {
              "id": "AwsSolutions-IAM4",
              "reason": "AWSLambdaBasicExecutionRole added explicitly and intentionally",
            },
          ],
        },
      },
      "Properties": {
        "AssumeRolePolicyDocument": {
          "Statement": [
            {
              "Action": "sts:AssumeRole",
              "Effect": "Allow",
              "Principal": {
                "Service": "lambda.amazonaws.com",
              },
            },
          ],
          "Version": "2012-10-17",
        },
        "ManagedPolicyArns": [
          {
            "Fn::Join": [
              "",
              [
                "arn:",
                {
                  "Ref": "AWS::Partition",
                },
                ":iam::aws:policy/service-role/AWSLambdaBasicExecutionRole",
              ],
            ],
          },
        ],
      },
      "Type": "AWS::IAM::Role",
    },
  },
  "Rules": {
    "CheckBootstrapVersion": {
      "Assertions": [
        {
          "Assert": {
            "Fn::Not": [
              {
                "Fn::Contains": [
                  [
                    "1",
                    "2",
                    "3",
                    "4",
                    "5",
                  ],
                  {
                    "Ref": "BootstrapVersion",
                  },
                ],
              },
            ],
          },
          "AssertDescription": "CDK bootstrap stack version 6 required. Please run 'cdk bootstrap' with a recent version of the CDK CLI.",
        },
      ],
    },
  },
}
`;
